> ok

> ok

> ok

> saved as snapshot 1

> ok

> saved as snapshot 2

> ok

> c [b a 1]
b [4 5 a]
a 1

> bye
