> ok

> no such key

> no such key

> no such key

> no such key

> not permitted

> a [1 2 3]
