> ok

> ok

> ok

> a, b

> c

> 5

> 1

> 8

> 21

> general

> bye
