> ok

> ok

> ok

> ok

> ok

> e [5 7 8]
d [a b c 7]
c [b a 1]
b [4 5 a]
a [1]

> no snapshots

> e
d
c
b
a

> saved as snapshot 1

> ok
 
 > saved as snapshot 2

 > 2
 1

 > ok

 > no such key

 > ok

 > 
