> ok

> ok

> [1 2 3]

> [4 5 6]

> ok

> 5

> [4 5 6]
