> ok

> ok

> no snapshots

> saved as snapshot 1

> ok

> ok

> saved as snapshot 2

> ok

> 1

> 2

> 3

> nil

> []

> [4 5 6]
