> ok

> ok

> [1 1 1 1 2 2 2 3]

> ok

> [1 2 3]

> ok

> not permitted on general entries

> not permitted on general entries

> not permitted on general entries
