> ok

> ok

> ok

> nil

> a, b

> ok

> d

> nil

> bye
