> ok

> saved as snapshot 1

> ok

> saved as snapshot 2

> b [4 5 6]
a [1 2]

> b
a

> 2
1

> ok

> a [1 2]

> a

> 1

> bye
