> ok

> ok

> 2

> index out of range

> index out of range

> a

> index out of range

> bye
