> ok

> ok

> ok

> ok

> ok

> c
d
b
a

> no such snapshot

> saved as snapshot 1

> ok

> ok

> [1 2 3 4 5 6 7 8 b]

> bye
