> saved as snapshot 1

> saved as snapshot 2

> saved as snapshot 3

> ok

> saved as snapshot 4

> [1 2 3]

> [1 2 3]

> ok

> ok

> ok

> no such key

> no such key

> bye
