> ok

> saved as snapshot 1

> ok

> saved as snapshot 2

> not permitted

> ok

> bye
